// Jest Snapshot v1, https://goo.gl/fbAQLP

exports[`report / addRowData should add data 1`] = `
Array [
  Object {
    "biggerIsBetter": false,
    "changed": true,
    "key": "metric1",
    "label": "metric1",
    "runs": Array [
      Object {
        "delta": -10,
        "deltaPercentage": -9.09090909,
        "displayDelta": "-10",
        "displayDeltaPercentage": "-9.09%",
        "displayValue": "100",
        "value": 100,
      },
      Object {
        "displayValue": "110",
        "value": 110,
      },
    ],
    "type": "METRIC_TYPE_DURATION",
  },
  Object {
    "biggerIsBetter": false,
    "changed": true,
    "key": "metric2",
    "label": "metric2",
    "runs": Array [
      Object {
        "delta": 10,
        "deltaPercentage": 100,
        "displayDelta": "+10",
        "displayDeltaPercentage": "+100%",
        "displayValue": "10",
        "value": 10,
      },
      null,
    ],
    "type": "METRIC_TYPE_NUMBER",
  },
  Object {
    "biggerIsBetter": false,
    "changed": false,
    "key": "metric4",
    "label": "metric4",
    "runs": Array [
      Object {
        "delta": 0,
        "deltaPercentage": 0,
        "displayDelta": "0",
        "displayDeltaPercentage": "0%",
        "displayValue": "100",
        "value": 100,
      },
      Object {
        "displayValue": "100",
        "value": 100,
      },
    ],
    "type": "METRIC_TYPE_SCORE",
  },
  Object {
    "biggerIsBetter": false,
    "changed": true,
    "key": "metric3",
    "label": "metric3",
    "runs": Array [
      null,
      Object {
        "displayValue": "10",
        "value": 10,
      },
    ],
    "type": "METRIC_TYPE_FILE_SIZE",
  },
]
`;
